[8/13/2026 9:47:34 AM] HttpRequestException: No connection could be made because the target machine actively refused it. (localhost:7212)
   at System.Net.Http.HttpConnectionPool.ConnectToTcpHostAsync(String host, Int32 port, HttpRequestMessage initialRequest, Boolean async, CancellationToken cancellationToken)
   at System.Net.Http.HttpConnectionPool.ConnectAsync(HttpRequestMessage request, Boolean async, CancellationToken cancellationToken)
   at System.Net.Http.HttpConnectionPool.CreateHttp11ConnectionAsync(HttpRequestMessage request, Boolean async, CancellationToken cancellationToken)
   at System.Net.Http.HttpConnectionPool.InjectNewHttp11ConnectionAsync(QueueItem queueItem)
   at System.Threading.Tasks.TaskCompletionSourceWithCancellation`1.WaitWithCancellationAsync(CancellationToken cancellationToken)
   at System.Net.Http.HttpConnectionPool.SendWithVersionDetectionAndRetryAsync(HttpRequestMessage request, Boolean async, Boolean doRequestAuth, CancellationToken cancellationToken)
   at System.Net.Http.RedirectHandler.SendAsync(HttpRequestMessage request, Boolean async, CancellationToken cancellationToken)
   at Microsoft.Extensions.Http.Logging.LoggingHttpMessageHandler.<SendCoreAsync>g__Core|4_0(HttpRequestMessage request, Boolean useAsync, CancellationToken cancellationToken)
   at BuildSmart.SharedUI.Handlers.AuthHeaderHandler.SendAsync(HttpRequestMessage request, CancellationToken cancellationToken) in C:\Users\bonch\source\repos\BuildSmart\BuildSmart.SharedUI\Handlers\AuthHeaderHandler.cs:line 116
   at System.Runtime.ExceptionServices.ExceptionDispatchInfo.Throw()

[8/13/2026 9:47:34 AM] HttpRequestException: No connection could be made because the target machine actively refused it. (localhost:7212)
   at System.Net.Http.HttpConnectionPool.ConnectToTcpHostAsync(String host, Int32 port, HttpRequestMessage initialRequest, Boolean async, CancellationToken cancellationToken)
   at System.Net.Http.HttpConnectionPool.ConnectAsync(HttpRequestMessage request, Boolean async, CancellationToken cancellationToken)
   at System.Net.Http.HttpConnectionPool.CreateHttp11ConnectionAsync(HttpRequestMessage request, Boolean async, CancellationToken cancellationToken)
   at System.Net.Http.HttpConnectionPool.InjectNewHttp11ConnectionAsync(QueueItem queueItem)
   at System.Threading.Tasks.TaskCompletionSourceWithCancellation`1.WaitWithCancellationAsync(CancellationToken cancellationToken)
   at System.Net.Http.HttpConnectionPool.SendWithVersionDetectionAndRetryAsync(HttpRequestMessage request, Boolean async, Boolean doRequestAuth, CancellationToken cancellationToken)
   at System.Net.Http.RedirectHandler.SendAsync(HttpRequestMessage request, Boolean async, CancellationToken cancellationToken)
   at Microsoft.Extensions.Http.Logging.LoggingHttpMessageHandler.<SendCoreAsync>g__Core|4_0(HttpRequestMessage request, Boolean useAsync, CancellationToken cancellationToken)
   at BuildSmart.SharedUI.Handlers.AuthHeaderHandler.SendAsync(HttpRequestMessage request, CancellationToken cancellationToken) in C:\Users\bonch\source\repos\BuildSmart\BuildSmart.SharedUI\Handlers\AuthHeaderHandler.cs:line 116
   at BuildSmart.SharedUI.Handlers.LoggingHandler.SendAsync(HttpRequestMessage request, CancellationToken cancellationToken) in C:\Users\bonch\source\repos\BuildSmart\BuildSmart.SharedUI\Handlers\LoggingHandler.cs:line 21

[8/13/2026 9:47:34 AM] HttpRequestException: No connection could be made because the target machine actively refused it. (localhost:7212)
   at System.Net.Http.HttpConnectionPool.ConnectToTcpHostAsync(String host, Int32 port, HttpRequestMessage initialRequest, Boolean async, CancellationToken cancellationToken)
   at System.Net.Http.HttpConnectionPool.ConnectAsync(HttpRequestMessage request, Boolean async, CancellationToken cancellationToken)
   at System.Net.Http.HttpConnectionPool.CreateHttp11ConnectionAsync(HttpRequestMessage request, Boolean async, CancellationToken cancellationToken)
   at System.Net.Http.HttpConnectionPool.InjectNewHttp11ConnectionAsync(QueueItem queueItem)
   at System.Threading.Tasks.TaskCompletionSourceWithCancellation`1.WaitWithCancellationAsync(CancellationToken cancellationToken)
   at System.Net.Http.HttpConnectionPool.SendWithVersionDetectionAndRetryAsync(HttpRequestMessage request, Boolean async, Boolean doRequestAuth, CancellationToken cancellationToken)
   at System.Net.Http.RedirectHandler.SendAsync(HttpRequestMessage request, Boolean async, CancellationToken cancellationToken)
   at Microsoft.Extensions.Http.Logging.LoggingHttpMessageHandler.<SendCoreAsync>g__Core|4_0(HttpRequestMessage request, Boolean useAsync, CancellationToken cancellationToken)
   at BuildSmart.SharedUI.Handlers.AuthHeaderHandler.SendAsync(HttpRequestMessage request, CancellationToken cancellationToken) in C:\Users\bonch\source\repos\BuildSmart\BuildSmart.SharedUI\Handlers\AuthHeaderHandler.cs:line 116
   at BuildSmart.SharedUI.Handlers.LoggingHandler.SendAsync(HttpRequestMessage request, CancellationToken cancellationToken) in C:\Users\bonch\source\repos\BuildSmart\BuildSmart.SharedUI\Handlers\LoggingHandler.cs:line 21
   at System.Runtime.ExceptionServices.ExceptionDispatchInfo.Throw()

[8/13/2026 9:47:34 AM] HttpRequestException: No connection could be made because the target machine actively refused it. (localhost:7212)
   at System.Net.Http.HttpConnectionPool.ConnectToTcpHostAsync(String host, Int32 port, HttpRequestMessage initialRequest, Boolean async, CancellationToken cancellationToken)
   at System.Net.Http.HttpConnectionPool.ConnectAsync(HttpRequestMessage request, Boolean async, CancellationToken cancellationToken)
   at System.Net.Http.HttpConnectionPool.CreateHttp11ConnectionAsync(HttpRequestMessage request, Boolean async, CancellationToken cancellationToken)
   at System.Net.Http.HttpConnectionPool.InjectNewHttp11ConnectionAsync(QueueItem queueItem)
   at System.Threading.Tasks.TaskCompletionSourceWithCancellation`1.WaitWithCancellationAsync(CancellationToken cancellationToken)
   at System.Net.Http.HttpConnectionPool.SendWithVersionDetectionAndRetryAsync(HttpRequestMessage request, Boolean async, Boolean doRequestAuth, CancellationToken cancellationToken)
   at System.Net.Http.RedirectHandler.SendAsync(HttpRequestMessage request, Boolean async, CancellationToken cancellationToken)
   at Microsoft.Extensions.Http.Logging.LoggingHttpMessageHandler.<SendCoreAsync>g__Core|4_0(HttpRequestMessage request, Boolean useAsync, CancellationToken cancellationToken)
   at BuildSmart.SharedUI.Handlers.AuthHeaderHandler.SendAsync(HttpRequestMessage request, CancellationToken cancellationToken) in C:\Users\bonch\source\repos\BuildSmart\BuildSmart.SharedUI\Handlers\AuthHeaderHandler.cs:line 116
   at BuildSmart.SharedUI.Handlers.LoggingHandler.SendAsync(HttpRequestMessage request, CancellationToken cancellationToken) in C:\Users\bonch\source\repos\BuildSmart\BuildSmart.SharedUI\Handlers\LoggingHandler.cs:line 21
   at Microsoft.Extensions.Http.Logging.LoggingScopeHttpMessageHandler.<SendCoreAsync>g__Core|4_0(HttpRequestMessage request, Boolean useAsync, CancellationToken cancellationToken)

[8/13/2026 9:47:34 AM] HttpRequestException: No connection could be made because the target machine actively refused it. (localhost:7212)
   at System.Net.Http.HttpConnectionPool.ConnectToTcpHostAsync(String host, Int32 port, HttpRequestMessage initialRequest, Boolean async, CancellationToken cancellationToken)
   at System.Net.Http.HttpConnectionPool.ConnectAsync(HttpRequestMessage request, Boolean async, CancellationToken cancellationToken)
   at System.Net.Http.HttpConnectionPool.CreateHttp11ConnectionAsync(HttpRequestMessage request, Boolean async, CancellationToken cancellationToken)
   at System.Net.Http.HttpConnectionPool.InjectNewHttp11ConnectionAsync(QueueItem queueItem)
   at System.Threading.Tasks.TaskCompletionSourceWithCancellation`1.WaitWithCancellationAsync(CancellationToken cancellationToken)
   at System.Net.Http.HttpConnectionPool.SendWithVersionDetectionAndRetryAsync(HttpRequestMessage request, Boolean async, Boolean doRequestAuth, CancellationToken cancellationToken)
   at System.Net.Http.RedirectHandler.SendAsync(HttpRequestMessage request, Boolean async, CancellationToken cancellationToken)
   at Microsoft.Extensions.Http.Logging.LoggingHttpMessageHandler.<SendCoreAsync>g__Core|4_0(HttpRequestMessage request, Boolean useAsync, CancellationToken cancellationToken)
   at BuildSmart.SharedUI.Handlers.AuthHeaderHandler.SendAsync(HttpRequestMessage request, CancellationToken cancellationToken) in C:\Users\bonch\source\repos\BuildSmart\BuildSmart.SharedUI\Handlers\AuthHeaderHandler.cs:line 116
   at BuildSmart.SharedUI.Handlers.LoggingHandler.SendAsync(HttpRequestMessage request, CancellationToken cancellationToken) in C:\Users\bonch\source\repos\BuildSmart\BuildSmart.SharedUI\Handlers\LoggingHandler.cs:line 21
   at Microsoft.Extensions.Http.Logging.LoggingScopeHttpMessageHandler.<SendCoreAsync>g__Core|4_0(HttpRequestMessage request, Boolean useAsync, CancellationToken cancellationToken)
   at System.Runtime.ExceptionServices.ExceptionDispatchInfo.Throw()

[8/13/2026 9:47:34 AM] HttpRequestException: No connection could be made because the target machine actively refused it. (localhost:7212)
   at System.Net.Http.HttpConnectionPool.ConnectToTcpHostAsync(String host, Int32 port, HttpRequestMessage initialRequest, Boolean async, CancellationToken cancellationToken)
   at System.Net.Http.HttpConnectionPool.ConnectAsync(HttpRequestMessage request, Boolean async, CancellationToken cancellationToken)
   at System.Net.Http.HttpConnectionPool.CreateHttp11ConnectionAsync(HttpRequestMessage request, Boolean async, CancellationToken cancellationToken)
   at System.Net.Http.HttpConnectionPool.InjectNewHttp11ConnectionAsync(QueueItem queueItem)
   at System.Threading.Tasks.TaskCompletionSourceWithCancellation`1.WaitWithCancellationAsync(CancellationToken cancellationToken)
   at System.Net.Http.HttpConnectionPool.SendWithVersionDetectionAndRetryAsync(HttpRequestMessage request, Boolean async, Boolean doRequestAuth, CancellationToken cancellationToken)
   at System.Net.Http.RedirectHandler.SendAsync(HttpRequestMessage request, Boolean async, CancellationToken cancellationToken)
   at Microsoft.Extensions.Http.Logging.LoggingHttpMessageHandler.<SendCoreAsync>g__Core|4_0(HttpRequestMessage request, Boolean useAsync, CancellationToken cancellationToken)
   at BuildSmart.SharedUI.Handlers.AuthHeaderHandler.SendAsync(HttpRequestMessage request, CancellationToken cancellationToken) in C:\Users\bonch\source\repos\BuildSmart\BuildSmart.SharedUI\Handlers\AuthHeaderHandler.cs:line 116
   at BuildSmart.SharedUI.Handlers.LoggingHandler.SendAsync(HttpRequestMessage request, CancellationToken cancellationToken) in C:\Users\bonch\source\repos\BuildSmart\BuildSmart.SharedUI\Handlers\LoggingHandler.cs:line 21
   at Microsoft.Extensions.Http.Logging.LoggingScopeHttpMessageHandler.<SendCoreAsync>g__Core|4_0(HttpRequestMessage request, Boolean useAsync, CancellationToken cancellationToken)
   at System.Net.Http.HttpClient.<SendAsync>g__Core|83_0(HttpRequestMessage request, HttpCompletionOption completionOption, CancellationTokenSource cts, Boolean disposeCts, CancellationTokenSource pendingRequestsCts, CancellationToken originalCancellationToken)

[8/13/2026 9:47:34 AM] HttpRequestException: No connection could be made because the target machine actively refused it. (localhost:7212)
   at System.Net.Http.HttpConnectionPool.ConnectToTcpHostAsync(String host, Int32 port, HttpRequestMessage initialRequest, Boolean async, CancellationToken cancellationToken)
   at System.Net.Http.HttpConnectionPool.ConnectAsync(HttpRequestMessage request, Boolean async, CancellationToken cancellationToken)
   at System.Net.Http.HttpConnectionPool.CreateHttp11ConnectionAsync(HttpRequestMessage request, Boolean async, CancellationToken cancellationToken)
   at System.Net.Http.HttpConnectionPool.InjectNewHttp11ConnectionAsync(QueueItem queueItem)
   at System.Threading.Tasks.TaskCompletionSourceWithCancellation`1.WaitWithCancellationAsync(CancellationToken cancellationToken)
   at System.Net.Http.HttpConnectionPool.SendWithVersionDetectionAndRetryAsync(HttpRequestMessage request, Boolean async, Boolean doRequestAuth, CancellationToken cancellationToken)
   at System.Net.Http.RedirectHandler.SendAsync(HttpRequestMessage request, Boolean async, CancellationToken cancellationToken)
   at Microsoft.Extensions.Http.Logging.LoggingHttpMessageHandler.<SendCoreAsync>g__Core|4_0(HttpRequestMessage request, Boolean useAsync, CancellationToken cancellationToken)
   at BuildSmart.SharedUI.Handlers.AuthHeaderHandler.SendAsync(HttpRequestMessage request, CancellationToken cancellationToken) in C:\Users\bonch\source\repos\BuildSmart\BuildSmart.SharedUI\Handlers\AuthHeaderHandler.cs:line 116
   at BuildSmart.SharedUI.Handlers.LoggingHandler.SendAsync(HttpRequestMessage request, CancellationToken cancellationToken) in C:\Users\bonch\source\repos\BuildSmart\BuildSmart.SharedUI\Handlers\LoggingHandler.cs:line 21
   at Microsoft.Extensions.Http.Logging.LoggingScopeHttpMessageHandler.<SendCoreAsync>g__Core|4_0(HttpRequestMessage request, Boolean useAsync, CancellationToken cancellationToken)
   at System.Net.Http.HttpClient.<SendAsync>g__Core|83_0(HttpRequestMessage request, HttpCompletionOption completionOption, CancellationTokenSource cts, Boolean disposeCts, CancellationTokenSource pendingRequestsCts, CancellationToken originalCancellationToken)
   at System.Runtime.ExceptionServices.ExceptionDispatchInfo.Throw()

[8/13/2026 9:47:34 AM] HttpRequestException: No connection could be made because the target machine actively refused it. (localhost:7212)
   at System.Net.Http.HttpConnectionPool.ConnectToTcpHostAsync(String host, Int32 port, HttpRequestMessage initialRequest, Boolean async, CancellationToken cancellationToken)
   at System.Net.Http.HttpConnectionPool.ConnectAsync(HttpRequestMessage request, Boolean async, CancellationToken cancellationToken)
   at System.Net.Http.HttpConnectionPool.CreateHttp11ConnectionAsync(HttpRequestMessage request, Boolean async, CancellationToken cancellationToken)
   at System.Net.Http.HttpConnectionPool.InjectNewHttp11ConnectionAsync(QueueItem queueItem)
   at System.Threading.Tasks.TaskCompletionSourceWithCancellation`1.WaitWithCancellationAsync(CancellationToken cancellationToken)
   at System.Net.Http.HttpConnectionPool.SendWithVersionDetectionAndRetryAsync(HttpRequestMessage request, Boolean async, Boolean doRequestAuth, CancellationToken cancellationToken)
   at System.Net.Http.RedirectHandler.SendAsync(HttpRequestMessage request, Boolean async, CancellationToken cancellationToken)
   at Microsoft.Extensions.Http.Logging.LoggingHttpMessageHandler.<SendCoreAsync>g__Core|4_0(HttpRequestMessage request, Boolean useAsync, CancellationToken cancellationToken)
   at BuildSmart.SharedUI.Handlers.AuthHeaderHandler.SendAsync(HttpRequestMessage request, CancellationToken cancellationToken) in C:\Users\bonch\source\repos\BuildSmart\BuildSmart.SharedUI\Handlers\AuthHeaderHandler.cs:line 116
   at BuildSmart.SharedUI.Handlers.LoggingHandler.SendAsync(HttpRequestMessage request, CancellationToken cancellationToken) in C:\Users\bonch\source\repos\BuildSmart\BuildSmart.SharedUI\Handlers\LoggingHandler.cs:line 21
   at Microsoft.Extensions.Http.Logging.LoggingScopeHttpMessageHandler.<SendCoreAsync>g__Core|4_0(HttpRequestMessage request, Boolean useAsync, CancellationToken cancellationToken)
   at System.Net.Http.HttpClient.<SendAsync>g__Core|83_0(HttpRequestMessage request, HttpCompletionOption completionOption, CancellationTokenSource cts, Boolean disposeCts, CancellationTokenSource pendingRequestsCts, CancellationToken originalCancellationToken)
   at HotChocolate.Transport.Http.DefaultGraphQLHttpClient.ExecuteInternalAsync(GraphQLHttpRequest request, Uri requestUri, CancellationToken ct)
   at System.Runtime.ExceptionServices.ExceptionDispatchInfo.Throw()

[8/13/2026 9:47:34 AM] HttpRequestException: No connection could be made because the target machine actively refused it. (localhost:7212)
   at System.Net.Http.HttpConnectionPool.ConnectToTcpHostAsync(String host, Int32 port, HttpRequestMessage initialRequest, Boolean async, CancellationToken cancellationToken)
   at System.Net.Http.HttpConnectionPool.ConnectAsync(HttpRequestMessage request, Boolean async, CancellationToken cancellationToken)
   at System.Net.Http.HttpConnectionPool.CreateHttp11ConnectionAsync(HttpRequestMessage request, Boolean async, CancellationToken cancellationToken)
   at System.Net.Http.HttpConnectionPool.InjectNewHttp11ConnectionAsync(QueueItem queueItem)
   at System.Threading.Tasks.TaskCompletionSourceWithCancellation`1.WaitWithCancellationAsync(CancellationToken cancellationToken)
   at System.Net.Http.HttpConnectionPool.SendWithVersionDetectionAndRetryAsync(HttpRequestMessage request, Boolean async, Boolean doRequestAuth, CancellationToken cancellationToken)
   at System.Net.Http.RedirectHandler.SendAsync(HttpRequestMessage request, Boolean async, CancellationToken cancellationToken)
   at Microsoft.Extensions.Http.Logging.LoggingHttpMessageHandler.<SendCoreAsync>g__Core|4_0(HttpRequestMessage request, Boolean useAsync, CancellationToken cancellationToken)
   at BuildSmart.SharedUI.Handlers.AuthHeaderHandler.SendAsync(HttpRequestMessage request, CancellationToken cancellationToken) in C:\Users\bonch\source\repos\BuildSmart\BuildSmart.SharedUI\Handlers\AuthHeaderHandler.cs:line 116
   at BuildSmart.SharedUI.Handlers.LoggingHandler.SendAsync(HttpRequestMessage request, CancellationToken cancellationToken) in C:\Users\bonch\source\repos\BuildSmart\BuildSmart.SharedUI\Handlers\LoggingHandler.cs:line 21
   at Microsoft.Extensions.Http.Logging.LoggingScopeHttpMessageHandler.<SendCoreAsync>g__Core|4_0(HttpRequestMessage request, Boolean useAsync, CancellationToken cancellationToken)
   at System.Net.Http.HttpClient.<SendAsync>g__Core|83_0(HttpRequestMessage request, HttpCompletionOption completionOption, CancellationTokenSource cts, Boolean disposeCts, CancellationTokenSource pendingRequestsCts, CancellationToken originalCancellationToken)
   at HotChocolate.Transport.Http.DefaultGraphQLHttpClient.ExecuteInternalAsync(GraphQLHttpRequest request, Uri requestUri, CancellationToken ct)
   at StrawberryShake.Transport.Http.ResponseEnumerable.GetAsyncEnumerator(CancellationToken cancellationToken)+MoveNext()
   at System.Runtime.ExceptionServices.ExceptionDispatchInfo.Throw()

[8/13/2026 9:47:34 AM] HttpRequestException: No connection could be made because the target machine actively refused it. (localhost:7212)
   at System.Net.Http.HttpConnectionPool.ConnectToTcpHostAsync(String host, Int32 port, HttpRequestMessage initialRequest, Boolean async, CancellationToken cancellationToken)
   at System.Net.Http.HttpConnectionPool.ConnectAsync(HttpRequestMessage request, Boolean async, CancellationToken cancellationToken)
   at System.Net.Http.HttpConnectionPool.CreateHttp11ConnectionAsync(HttpRequestMessage request, Boolean async, CancellationToken cancellationToken)
   at System.Net.Http.HttpConnectionPool.InjectNewHttp11ConnectionAsync(QueueItem queueItem)
   at System.Threading.Tasks.TaskCompletionSourceWithCancellation`1.WaitWithCancellationAsync(CancellationToken cancellationToken)
   at System.Net.Http.HttpConnectionPool.SendWithVersionDetectionAndRetryAsync(HttpRequestMessage request, Boolean async, Boolean doRequestAuth, CancellationToken cancellationToken)
   at System.Net.Http.RedirectHandler.SendAsync(HttpRequestMessage request, Boolean async, CancellationToken cancellationToken)
   at Microsoft.Extensions.Http.Logging.LoggingHttpMessageHandler.<SendCoreAsync>g__Core|4_0(HttpRequestMessage request, Boolean useAsync, CancellationToken cancellationToken)
   at BuildSmart.SharedUI.Handlers.AuthHeaderHandler.SendAsync(HttpRequestMessage request, CancellationToken cancellationToken) in C:\Users\bonch\source\repos\BuildSmart\BuildSmart.SharedUI\Handlers\AuthHeaderHandler.cs:line 116
   at BuildSmart.SharedUI.Handlers.LoggingHandler.SendAsync(HttpRequestMessage request, CancellationToken cancellationToken) in C:\Users\bonch\source\repos\BuildSmart\BuildSmart.SharedUI\Handlers\LoggingHandler.cs:line 21
   at Microsoft.Extensions.Http.Logging.LoggingScopeHttpMessageHandler.<SendCoreAsync>g__Core|4_0(HttpRequestMessage request, Boolean useAsync, CancellationToken cancellationToken)
   at System.Net.Http.HttpClient.<SendAsync>g__Core|83_0(HttpRequestMessage request, HttpCompletionOption completionOption, CancellationTokenSource cts, Boolean disposeCts, CancellationTokenSource pendingRequestsCts, CancellationToken originalCancellationToken)
   at HotChocolate.Transport.Http.DefaultGraphQLHttpClient.ExecuteInternalAsync(GraphQLHttpRequest request, Uri requestUri, CancellationToken ct)
   at StrawberryShake.Transport.Http.ResponseEnumerable.GetAsyncEnumerator(CancellationToken cancellationToken)+MoveNext()
   at StrawberryShake.Transport.Http.ResponseEnumerable.GetAsyncEnumerator(CancellationToken cancellationToken)+System.Threading.Tasks.Sources.IValueTaskSource<System.Boolean>.GetResult()
   at StrawberryShake.OperationExecutor`2.ExecuteAsync(OperationRequest request, CancellationToken cancellationToken)
   at System.Runtime.ExceptionServices.ExceptionDispatchInfo.Throw()

[8/13/2026 9:47:34 AM] HttpRequestException: No connection could be made because the target machine actively refused it. (localhost:7212)
   at System.Net.Http.HttpConnectionPool.ConnectToTcpHostAsync(String host, Int32 port, HttpRequestMessage initialRequest, Boolean async, CancellationToken cancellationToken)
   at System.Net.Http.HttpConnectionPool.ConnectAsync(HttpRequestMessage request, Boolean async, CancellationToken cancellationToken)
   at System.Net.Http.HttpConnectionPool.CreateHttp11ConnectionAsync(HttpRequestMessage request, Boolean async, CancellationToken cancellationToken)
   at System.Net.Http.HttpConnectionPool.InjectNewHttp11ConnectionAsync(QueueItem queueItem)
   at System.Threading.Tasks.TaskCompletionSourceWithCancellation`1.WaitWithCancellationAsync(CancellationToken cancellationToken)
   at System.Net.Http.HttpConnectionPool.SendWithVersionDetectionAndRetryAsync(HttpRequestMessage request, Boolean async, Boolean doRequestAuth, CancellationToken cancellationToken)
   at System.Net.Http.RedirectHandler.SendAsync(HttpRequestMessage request, Boolean async, CancellationToken cancellationToken)
   at Microsoft.Extensions.Http.Logging.LoggingHttpMessageHandler.<SendCoreAsync>g__Core|4_0(HttpRequestMessage request, Boolean useAsync, CancellationToken cancellationToken)
   at BuildSmart.SharedUI.Handlers.AuthHeaderHandler.SendAsync(HttpRequestMessage request, CancellationToken cancellationToken) in C:\Users\bonch\source\repos\BuildSmart\BuildSmart.SharedUI\Handlers\AuthHeaderHandler.cs:line 116
   at BuildSmart.SharedUI.Handlers.LoggingHandler.SendAsync(HttpRequestMessage request, CancellationToken cancellationToken) in C:\Users\bonch\source\repos\BuildSmart\BuildSmart.SharedUI\Handlers\LoggingHandler.cs:line 21
   at Microsoft.Extensions.Http.Logging.LoggingScopeHttpMessageHandler.<SendCoreAsync>g__Core|4_0(HttpRequestMessage request, Boolean useAsync, CancellationToken cancellationToken)
   at System.Net.Http.HttpClient.<SendAsync>g__Core|83_0(HttpRequestMessage request, HttpCompletionOption completionOption, CancellationTokenSource cts, Boolean disposeCts, CancellationTokenSource pendingRequestsCts, CancellationToken originalCancellationToken)
   at HotChocolate.Transport.Http.DefaultGraphQLHttpClient.ExecuteInternalAsync(GraphQLHttpRequest request, Uri requestUri, CancellationToken ct)
   at StrawberryShake.Transport.Http.ResponseEnumerable.GetAsyncEnumerator(CancellationToken cancellationToken)+MoveNext()
   at StrawberryShake.Transport.Http.ResponseEnumerable.GetAsyncEnumerator(CancellationToken cancellationToken)+System.Threading.Tasks.Sources.IValueTaskSource<System.Boolean>.GetResult()
   at StrawberryShake.OperationExecutor`2.ExecuteAsync(OperationRequest request, CancellationToken cancellationToken)
   at StrawberryShake.OperationExecutor`2.ExecuteAsync(OperationRequest request, CancellationToken cancellationToken)
   at System.Runtime.ExceptionServices.ExceptionDispatchInfo.Throw()

[8/13/2026 9:47:34 AM] HttpRequestException: No connection could be made because the target machine actively refused it. (localhost:7212)
   at System.Net.Http.HttpConnectionPool.ConnectToTcpHostAsync(String host, Int32 port, HttpRequestMessage initialRequest, Boolean async, CancellationToken cancellationToken)
   at System.Net.Http.HttpConnectionPool.ConnectAsync(HttpRequestMessage request, Boolean async, CancellationToken cancellationToken)
   at System.Net.Http.HttpConnectionPool.CreateHttp11ConnectionAsync(HttpRequestMessage request, Boolean async, CancellationToken cancellationToken)
   at System.Net.Http.HttpConnectionPool.InjectNewHttp11ConnectionAsync(QueueItem queueItem)
   at System.Threading.Tasks.TaskCompletionSourceWithCancellation`1.WaitWithCancellationAsync(CancellationToken cancellationToken)
   at System.Net.Http.HttpConnectionPool.SendWithVersionDetectionAndRetryAsync(HttpRequestMessage request, Boolean async, Boolean doRequestAuth, CancellationToken cancellationToken)
   at System.Net.Http.RedirectHandler.SendAsync(HttpRequestMessage request, Boolean async, CancellationToken cancellationToken)
   at Microsoft.Extensions.Http.Logging.LoggingHttpMessageHandler.<SendCoreAsync>g__Core|4_0(HttpRequestMessage request, Boolean useAsync, CancellationToken cancellationToken)
   at BuildSmart.SharedUI.Handlers.AuthHeaderHandler.SendAsync(HttpRequestMessage request, CancellationToken cancellationToken) in C:\Users\bonch\source\repos\BuildSmart\BuildSmart.SharedUI\Handlers\AuthHeaderHandler.cs:line 116
   at BuildSmart.SharedUI.Handlers.LoggingHandler.SendAsync(HttpRequestMessage request, CancellationToken cancellationToken) in C:\Users\bonch\source\repos\BuildSmart\BuildSmart.SharedUI\Handlers\LoggingHandler.cs:line 21
   at Microsoft.Extensions.Http.Logging.LoggingScopeHttpMessageHandler.<SendCoreAsync>g__Core|4_0(HttpRequestMessage request, Boolean useAsync, CancellationToken cancellationToken)
   at System.Net.Http.HttpClient.<SendAsync>g__Core|83_0(HttpRequestMessage request, HttpCompletionOption completionOption, CancellationTokenSource cts, Boolean disposeCts, CancellationTokenSource pendingRequestsCts, CancellationToken originalCancellationToken)
   at HotChocolate.Transport.Http.DefaultGraphQLHttpClient.ExecuteInternalAsync(GraphQLHttpRequest request, Uri requestUri, CancellationToken ct)
   at StrawberryShake.Transport.Http.ResponseEnumerable.GetAsyncEnumerator(CancellationToken cancellationToken)+MoveNext()
   at StrawberryShake.Transport.Http.ResponseEnumerable.GetAsyncEnumerator(CancellationToken cancellationToken)+System.Threading.Tasks.Sources.IValueTaskSource<System.Boolean>.GetResult()
   at StrawberryShake.OperationExecutor`2.ExecuteAsync(OperationRequest request, CancellationToken cancellationToken)
   at StrawberryShake.OperationExecutor`2.ExecuteAsync(OperationRequest request, CancellationToken cancellationToken)
   at BuildSmart.SharedUI.GraphQL.GetLocalizationStringsQuery.ExecuteAsync(String culture, CancellationToken cancellationToken) in C:\Users\bonch\source\repos\BuildSmart\BuildSmart.SharedUI\obj\Debug\net9.0\berry\BuildSmartApiClient.Client.cs:line 78691
   at System.Runtime.ExceptionServices.ExceptionDispatchInfo.Throw()

[8/17/2026 2:59:25 PM] HttpRequestException: No connection could be made because the target machine actively refused it. (localhost:7212)
   at System.Net.Http.HttpConnectionPool.ConnectToTcpHostAsync(String host, Int32 port, HttpRequestMessage initialRequest, Boolean async, CancellationToken cancellationToken)
   at System.Net.Http.HttpConnectionPool.ConnectAsync(HttpRequestMessage request, Boolean async, CancellationToken cancellationToken)
   at System.Net.Http.HttpConnectionPool.CreateHttp11ConnectionAsync(HttpRequestMessage request, Boolean async, CancellationToken cancellationToken)
   at System.Net.Http.HttpConnectionPool.InjectNewHttp11ConnectionAsync(QueueItem queueItem)
   at System.Threading.Tasks.TaskCompletionSourceWithCancellation`1.WaitWithCancellationAsync(CancellationToken cancellationToken)
   at System.Net.Http.HttpConnectionPool.SendWithVersionDetectionAndRetryAsync(HttpRequestMessage request, Boolean async, Boolean doRequestAuth, CancellationToken cancellationToken)
   at System.Net.Http.RedirectHandler.SendAsync(HttpRequestMessage request, Boolean async, CancellationToken cancellationToken)
   at Microsoft.Extensions.Http.Logging.LoggingHttpMessageHandler.<SendCoreAsync>g__Core|4_0(HttpRequestMessage request, Boolean useAsync, CancellationToken cancellationToken)
   at BuildSmart.SharedUI.Handlers.AuthHeaderHandler.SendAsync(HttpRequestMessage request, CancellationToken cancellationToken) in C:\Users\bonch\source\repos\BuildSmart\BuildSmart.SharedUI\Handlers\AuthHeaderHandler.cs:line 116
   at System.Runtime.ExceptionServices.ExceptionDispatchInfo.Throw()

[8/17/2026 2:59:25 PM] HttpRequestException: No connection could be made because the target machine actively refused it. (localhost:7212)
   at System.Net.Http.HttpConnectionPool.ConnectToTcpHostAsync(String host, Int32 port, HttpRequestMessage initialRequest, Boolean async, CancellationToken cancellationToken)
   at System.Net.Http.HttpConnectionPool.ConnectAsync(HttpRequestMessage request, Boolean async, CancellationToken cancellationToken)
   at System.Net.Http.HttpConnectionPool.CreateHttp11ConnectionAsync(HttpRequestMessage request, Boolean async, CancellationToken cancellationToken)
   at System.Net.Http.HttpConnectionPool.InjectNewHttp11ConnectionAsync(QueueItem queueItem)
   at System.Threading.Tasks.TaskCompletionSourceWithCancellation`1.WaitWithCancellationAsync(CancellationToken cancellationToken)
   at System.Net.Http.HttpConnectionPool.SendWithVersionDetectionAndRetryAsync(HttpRequestMessage request, Boolean async, Boolean doRequestAuth, CancellationToken cancellationToken)
   at System.Net.Http.RedirectHandler.SendAsync(HttpRequestMessage request, Boolean async, CancellationToken cancellationToken)
   at Microsoft.Extensions.Http.Logging.LoggingHttpMessageHandler.<SendCoreAsync>g__Core|4_0(HttpRequestMessage request, Boolean useAsync, CancellationToken cancellationToken)
   at BuildSmart.SharedUI.Handlers.AuthHeaderHandler.SendAsync(HttpRequestMessage request, CancellationToken cancellationToken) in C:\Users\bonch\source\repos\BuildSmart\BuildSmart.SharedUI\Handlers\AuthHeaderHandler.cs:line 116
   at BuildSmart.SharedUI.Handlers.LoggingHandler.SendAsync(HttpRequestMessage request, CancellationToken cancellationToken) in C:\Users\bonch\source\repos\BuildSmart\BuildSmart.SharedUI\Handlers\LoggingHandler.cs:line 21

[8/17/2026 2:59:25 PM] HttpRequestException: No connection could be made because the target machine actively refused it. (localhost:7212)
   at System.Net.Http.HttpConnectionPool.ConnectToTcpHostAsync(String host, Int32 port, HttpRequestMessage initialRequest, Boolean async, CancellationToken cancellationToken)
   at System.Net.Http.HttpConnectionPool.ConnectAsync(HttpRequestMessage request, Boolean async, CancellationToken cancellationToken)
   at System.Net.Http.HttpConnectionPool.CreateHttp11ConnectionAsync(HttpRequestMessage request, Boolean async, CancellationToken cancellationToken)
   at System.Net.Http.HttpConnectionPool.InjectNewHttp11ConnectionAsync(QueueItem queueItem)
   at System.Threading.Tasks.TaskCompletionSourceWithCancellation`1.WaitWithCancellationAsync(CancellationToken cancellationToken)
   at System.Net.Http.HttpConnectionPool.SendWithVersionDetectionAndRetryAsync(HttpRequestMessage request, Boolean async, Boolean doRequestAuth, CancellationToken cancellationToken)
   at System.Net.Http.RedirectHandler.SendAsync(HttpRequestMessage request, Boolean async, CancellationToken cancellationToken)
   at Microsoft.Extensions.Http.Logging.LoggingHttpMessageHandler.<SendCoreAsync>g__Core|4_0(HttpRequestMessage request, Boolean useAsync, CancellationToken cancellationToken)
   at BuildSmart.SharedUI.Handlers.AuthHeaderHandler.SendAsync(HttpRequestMessage request, CancellationToken cancellationToken) in C:\Users\bonch\source\repos\BuildSmart\BuildSmart.SharedUI\Handlers\AuthHeaderHandler.cs:line 116
   at BuildSmart.SharedUI.Handlers.LoggingHandler.SendAsync(HttpRequestMessage request, CancellationToken cancellationToken) in C:\Users\bonch\source\repos\BuildSmart\BuildSmart.SharedUI\Handlers\LoggingHandler.cs:line 21
   at System.Runtime.ExceptionServices.ExceptionDispatchInfo.Throw()

[8/17/2026 2:59:25 PM] HttpRequestException: No connection could be made because the target machine actively refused it. (localhost:7212)
   at System.Net.Http.HttpConnectionPool.ConnectToTcpHostAsync(String host, Int32 port, HttpRequestMessage initialRequest, Boolean async, CancellationToken cancellationToken)
   at System.Net.Http.HttpConnectionPool.ConnectAsync(HttpRequestMessage request, Boolean async, CancellationToken cancellationToken)
   at System.Net.Http.HttpConnectionPool.CreateHttp11ConnectionAsync(HttpRequestMessage request, Boolean async, CancellationToken cancellationToken)
   at System.Net.Http.HttpConnectionPool.InjectNewHttp11ConnectionAsync(QueueItem queueItem)
   at System.Threading.Tasks.TaskCompletionSourceWithCancellation`1.WaitWithCancellationAsync(CancellationToken cancellationToken)
   at System.Net.Http.HttpConnectionPool.SendWithVersionDetectionAndRetryAsync(HttpRequestMessage request, Boolean async, Boolean doRequestAuth, CancellationToken cancellationToken)
   at System.Net.Http.RedirectHandler.SendAsync(HttpRequestMessage request, Boolean async, CancellationToken cancellationToken)
   at Microsoft.Extensions.Http.Logging.LoggingHttpMessageHandler.<SendCoreAsync>g__Core|4_0(HttpRequestMessage request, Boolean useAsync, CancellationToken cancellationToken)
   at BuildSmart.SharedUI.Handlers.AuthHeaderHandler.SendAsync(HttpRequestMessage request, CancellationToken cancellationToken) in C:\Users\bonch\source\repos\BuildSmart\BuildSmart.SharedUI\Handlers\AuthHeaderHandler.cs:line 116
   at BuildSmart.SharedUI.Handlers.LoggingHandler.SendAsync(HttpRequestMessage request, CancellationToken cancellationToken) in C:\Users\bonch\source\repos\BuildSmart\BuildSmart.SharedUI\Handlers\LoggingHandler.cs:line 21
   at Microsoft.Extensions.Http.Logging.LoggingScopeHttpMessageHandler.<SendCoreAsync>g__Core|4_0(HttpRequestMessage request, Boolean useAsync, CancellationToken cancellationToken)

[8/17/2026 2:59:25 PM] HttpRequestException: No connection could be made because the target machine actively refused it. (localhost:7212)
   at System.Net.Http.HttpConnectionPool.ConnectToTcpHostAsync(String host, Int32 port, HttpRequestMessage initialRequest, Boolean async, CancellationToken cancellationToken)
   at System.Net.Http.HttpConnectionPool.ConnectAsync(HttpRequestMessage request, Boolean async, CancellationToken cancellationToken)
   at System.Net.Http.HttpConnectionPool.CreateHttp11ConnectionAsync(HttpRequestMessage request, Boolean async, CancellationToken cancellationToken)
   at System.Net.Http.HttpConnectionPool.InjectNewHttp11ConnectionAsync(QueueItem queueItem)
   at System.Threading.Tasks.TaskCompletionSourceWithCancellation`1.WaitWithCancellationAsync(CancellationToken cancellationToken)
   at System.Net.Http.HttpConnectionPool.SendWithVersionDetectionAndRetryAsync(HttpRequestMessage request, Boolean async, Boolean doRequestAuth, CancellationToken cancellationToken)
   at System.Net.Http.RedirectHandler.SendAsync(HttpRequestMessage request, Boolean async, CancellationToken cancellationToken)
   at Microsoft.Extensions.Http.Logging.LoggingHttpMessageHandler.<SendCoreAsync>g__Core|4_0(HttpRequestMessage request, Boolean useAsync, CancellationToken cancellationToken)
   at BuildSmart.SharedUI.Handlers.AuthHeaderHandler.SendAsync(HttpRequestMessage request, CancellationToken cancellationToken) in C:\Users\bonch\source\repos\BuildSmart\BuildSmart.SharedUI\Handlers\AuthHeaderHandler.cs:line 116
   at BuildSmart.SharedUI.Handlers.LoggingHandler.SendAsync(HttpRequestMessage request, CancellationToken cancellationToken) in C:\Users\bonch\source\repos\BuildSmart\BuildSmart.SharedUI\Handlers\LoggingHandler.cs:line 21
   at Microsoft.Extensions.Http.Logging.LoggingScopeHttpMessageHandler.<SendCoreAsync>g__Core|4_0(HttpRequestMessage request, Boolean useAsync, CancellationToken cancellationToken)
   at System.Runtime.ExceptionServices.ExceptionDispatchInfo.Throw()

[8/17/2026 2:59:25 PM] HttpRequestException: No connection could be made because the target machine actively refused it. (localhost:7212)
   at System.Net.Http.HttpConnectionPool.ConnectToTcpHostAsync(String host, Int32 port, HttpRequestMessage initialRequest, Boolean async, CancellationToken cancellationToken)
   at System.Net.Http.HttpConnectionPool.ConnectAsync(HttpRequestMessage request, Boolean async, CancellationToken cancellationToken)
   at System.Net.Http.HttpConnectionPool.CreateHttp11ConnectionAsync(HttpRequestMessage request, Boolean async, CancellationToken cancellationToken)
   at System.Net.Http.HttpConnectionPool.InjectNewHttp11ConnectionAsync(QueueItem queueItem)
   at System.Threading.Tasks.TaskCompletionSourceWithCancellation`1.WaitWithCancellationAsync(CancellationToken cancellationToken)
   at System.Net.Http.HttpConnectionPool.SendWithVersionDetectionAndRetryAsync(HttpRequestMessage request, Boolean async, Boolean doRequestAuth, CancellationToken cancellationToken)
   at System.Net.Http.RedirectHandler.SendAsync(HttpRequestMessage request, Boolean async, CancellationToken cancellationToken)
   at Microsoft.Extensions.Http.Logging.LoggingHttpMessageHandler.<SendCoreAsync>g__Core|4_0(HttpRequestMessage request, Boolean useAsync, CancellationToken cancellationToken)
   at BuildSmart.SharedUI.Handlers.AuthHeaderHandler.SendAsync(HttpRequestMessage request, CancellationToken cancellationToken) in C:\Users\bonch\source\repos\BuildSmart\BuildSmart.SharedUI\Handlers\AuthHeaderHandler.cs:line 116
   at BuildSmart.SharedUI.Handlers.LoggingHandler.SendAsync(HttpRequestMessage request, CancellationToken cancellationToken) in C:\Users\bonch\source\repos\BuildSmart\BuildSmart.SharedUI\Handlers\LoggingHandler.cs:line 21
   at Microsoft.Extensions.Http.Logging.LoggingScopeHttpMessageHandler.<SendCoreAsync>g__Core|4_0(HttpRequestMessage request, Boolean useAsync, CancellationToken cancellationToken)
   at System.Net.Http.HttpClient.<SendAsync>g__Core|83_0(HttpRequestMessage request, HttpCompletionOption completionOption, CancellationTokenSource cts, Boolean disposeCts, CancellationTokenSource pendingRequestsCts, CancellationToken originalCancellationToken)

[8/17/2026 2:59:25 PM] HttpRequestException: No connection could be made because the target machine actively refused it. (localhost:7212)
   at System.Net.Http.HttpConnectionPool.ConnectToTcpHostAsync(String host, Int32 port, HttpRequestMessage initialRequest, Boolean async, CancellationToken cancellationToken)
   at System.Net.Http.HttpConnectionPool.ConnectAsync(HttpRequestMessage request, Boolean async, CancellationToken cancellationToken)
   at System.Net.Http.HttpConnectionPool.CreateHttp11ConnectionAsync(HttpRequestMessage request, Boolean async, CancellationToken cancellationToken)
   at System.Net.Http.HttpConnectionPool.InjectNewHttp11ConnectionAsync(QueueItem queueItem)
   at System.Threading.Tasks.TaskCompletionSourceWithCancellation`1.WaitWithCancellationAsync(CancellationToken cancellationToken)
   at System.Net.Http.HttpConnectionPool.SendWithVersionDetectionAndRetryAsync(HttpRequestMessage request, Boolean async, Boolean doRequestAuth, CancellationToken cancellationToken)
   at System.Net.Http.RedirectHandler.SendAsync(HttpRequestMessage request, Boolean async, CancellationToken cancellationToken)
   at Microsoft.Extensions.Http.Logging.LoggingHttpMessageHandler.<SendCoreAsync>g__Core|4_0(HttpRequestMessage request, Boolean useAsync, CancellationToken cancellationToken)
   at BuildSmart.SharedUI.Handlers.AuthHeaderHandler.SendAsync(HttpRequestMessage request, CancellationToken cancellationToken) in C:\Users\bonch\source\repos\BuildSmart\BuildSmart.SharedUI\Handlers\AuthHeaderHandler.cs:line 116
   at BuildSmart.SharedUI.Handlers.LoggingHandler.SendAsync(HttpRequestMessage request, CancellationToken cancellationToken) in C:\Users\bonch\source\repos\BuildSmart\BuildSmart.SharedUI\Handlers\LoggingHandler.cs:line 21
   at Microsoft.Extensions.Http.Logging.LoggingScopeHttpMessageHandler.<SendCoreAsync>g__Core|4_0(HttpRequestMessage request, Boolean useAsync, CancellationToken cancellationToken)
   at System.Net.Http.HttpClient.<SendAsync>g__Core|83_0(HttpRequestMessage request, HttpCompletionOption completionOption, CancellationTokenSource cts, Boolean disposeCts, CancellationTokenSource pendingRequestsCts, CancellationToken originalCancellationToken)
   at System.Runtime.ExceptionServices.ExceptionDispatchInfo.Throw()

[8/17/2026 2:59:25 PM] HttpRequestException: No connection could be made because the target machine actively refused it. (localhost:7212)
   at System.Net.Http.HttpConnectionPool.ConnectToTcpHostAsync(String host, Int32 port, HttpRequestMessage initialRequest, Boolean async, CancellationToken cancellationToken)
   at System.Net.Http.HttpConnectionPool.ConnectAsync(HttpRequestMessage request, Boolean async, CancellationToken cancellationToken)
   at System.Net.Http.HttpConnectionPool.CreateHttp11ConnectionAsync(HttpRequestMessage request, Boolean async, CancellationToken cancellationToken)
   at System.Net.Http.HttpConnectionPool.InjectNewHttp11ConnectionAsync(QueueItem queueItem)
   at System.Threading.Tasks.TaskCompletionSourceWithCancellation`1.WaitWithCancellationAsync(CancellationToken cancellationToken)
   at System.Net.Http.HttpConnectionPool.SendWithVersionDetectionAndRetryAsync(HttpRequestMessage request, Boolean async, Boolean doRequestAuth, CancellationToken cancellationToken)
   at System.Net.Http.RedirectHandler.SendAsync(HttpRequestMessage request, Boolean async, CancellationToken cancellationToken)
   at Microsoft.Extensions.Http.Logging.LoggingHttpMessageHandler.<SendCoreAsync>g__Core|4_0(HttpRequestMessage request, Boolean useAsync, CancellationToken cancellationToken)
   at BuildSmart.SharedUI.Handlers.AuthHeaderHandler.SendAsync(HttpRequestMessage request, CancellationToken cancellationToken) in C:\Users\bonch\source\repos\BuildSmart\BuildSmart.SharedUI\Handlers\AuthHeaderHandler.cs:line 116
   at BuildSmart.SharedUI.Handlers.LoggingHandler.SendAsync(HttpRequestMessage request, CancellationToken cancellationToken) in C:\Users\bonch\source\repos\BuildSmart\BuildSmart.SharedUI\Handlers\LoggingHandler.cs:line 21
   at Microsoft.Extensions.Http.Logging.LoggingScopeHttpMessageHandler.<SendCoreAsync>g__Core|4_0(HttpRequestMessage request, Boolean useAsync, CancellationToken cancellationToken)
   at System.Net.Http.HttpClient.<SendAsync>g__Core|83_0(HttpRequestMessage request, HttpCompletionOption completionOption, CancellationTokenSource cts, Boolean disposeCts, CancellationTokenSource pendingRequestsCts, CancellationToken originalCancellationToken)
   at HotChocolate.Transport.Http.DefaultGraphQLHttpClient.ExecuteInternalAsync(GraphQLHttpRequest request, Uri requestUri, CancellationToken ct)
   at System.Runtime.ExceptionServices.ExceptionDispatchInfo.Throw()

[8/17/2026 2:59:25 PM] HttpRequestException: No connection could be made because the target machine actively refused it. (localhost:7212)
   at System.Net.Http.HttpConnectionPool.ConnectToTcpHostAsync(String host, Int32 port, HttpRequestMessage initialRequest, Boolean async, CancellationToken cancellationToken)
   at System.Net.Http.HttpConnectionPool.ConnectAsync(HttpRequestMessage request, Boolean async, CancellationToken cancellationToken)
   at System.Net.Http.HttpConnectionPool.CreateHttp11ConnectionAsync(HttpRequestMessage request, Boolean async, CancellationToken cancellationToken)
   at System.Net.Http.HttpConnectionPool.InjectNewHttp11ConnectionAsync(QueueItem queueItem)
   at System.Threading.Tasks.TaskCompletionSourceWithCancellation`1.WaitWithCancellationAsync(CancellationToken cancellationToken)
   at System.Net.Http.HttpConnectionPool.SendWithVersionDetectionAndRetryAsync(HttpRequestMessage request, Boolean async, Boolean doRequestAuth, CancellationToken cancellationToken)
   at System.Net.Http.RedirectHandler.SendAsync(HttpRequestMessage request, Boolean async, CancellationToken cancellationToken)
   at Microsoft.Extensions.Http.Logging.LoggingHttpMessageHandler.<SendCoreAsync>g__Core|4_0(HttpRequestMessage request, Boolean useAsync, CancellationToken cancellationToken)
   at BuildSmart.SharedUI.Handlers.AuthHeaderHandler.SendAsync(HttpRequestMessage request, CancellationToken cancellationToken) in C:\Users\bonch\source\repos\BuildSmart\BuildSmart.SharedUI\Handlers\AuthHeaderHandler.cs:line 116
   at BuildSmart.SharedUI.Handlers.LoggingHandler.SendAsync(HttpRequestMessage request, CancellationToken cancellationToken) in C:\Users\bonch\source\repos\BuildSmart\BuildSmart.SharedUI\Handlers\LoggingHandler.cs:line 21
   at Microsoft.Extensions.Http.Logging.LoggingScopeHttpMessageHandler.<SendCoreAsync>g__Core|4_0(HttpRequestMessage request, Boolean useAsync, CancellationToken cancellationToken)
   at System.Net.Http.HttpClient.<SendAsync>g__Core|83_0(HttpRequestMessage request, HttpCompletionOption completionOption, CancellationTokenSource cts, Boolean disposeCts, CancellationTokenSource pendingRequestsCts, CancellationToken originalCancellationToken)
   at HotChocolate.Transport.Http.DefaultGraphQLHttpClient.ExecuteInternalAsync(GraphQLHttpRequest request, Uri requestUri, CancellationToken ct)
   at StrawberryShake.Transport.Http.ResponseEnumerable.GetAsyncEnumerator(CancellationToken cancellationToken)+MoveNext()
   at System.Runtime.ExceptionServices.ExceptionDispatchInfo.Throw()

[8/17/2026 2:59:25 PM] HttpRequestException: No connection could be made because the target machine actively refused it. (localhost:7212)
   at System.Net.Http.HttpConnectionPool.ConnectToTcpHostAsync(String host, Int32 port, HttpRequestMessage initialRequest, Boolean async, CancellationToken cancellationToken)
   at System.Net.Http.HttpConnectionPool.ConnectAsync(HttpRequestMessage request, Boolean async, CancellationToken cancellationToken)
   at System.Net.Http.HttpConnectionPool.CreateHttp11ConnectionAsync(HttpRequestMessage request, Boolean async, CancellationToken cancellationToken)
   at System.Net.Http.HttpConnectionPool.InjectNewHttp11ConnectionAsync(QueueItem queueItem)
   at System.Threading.Tasks.TaskCompletionSourceWithCancellation`1.WaitWithCancellationAsync(CancellationToken cancellationToken)
   at System.Net.Http.HttpConnectionPool.SendWithVersionDetectionAndRetryAsync(HttpRequestMessage request, Boolean async, Boolean doRequestAuth, CancellationToken cancellationToken)
   at System.Net.Http.RedirectHandler.SendAsync(HttpRequestMessage request, Boolean async, CancellationToken cancellationToken)
   at Microsoft.Extensions.Http.Logging.LoggingHttpMessageHandler.<SendCoreAsync>g__Core|4_0(HttpRequestMessage request, Boolean useAsync, CancellationToken cancellationToken)
   at BuildSmart.SharedUI.Handlers.AuthHeaderHandler.SendAsync(HttpRequestMessage request, CancellationToken cancellationToken) in C:\Users\bonch\source\repos\BuildSmart\BuildSmart.SharedUI\Handlers\AuthHeaderHandler.cs:line 116
   at BuildSmart.SharedUI.Handlers.LoggingHandler.SendAsync(HttpRequestMessage request, CancellationToken cancellationToken) in C:\Users\bonch\source\repos\BuildSmart\BuildSmart.SharedUI\Handlers\LoggingHandler.cs:line 21
   at Microsoft.Extensions.Http.Logging.LoggingScopeHttpMessageHandler.<SendCoreAsync>g__Core|4_0(HttpRequestMessage request, Boolean useAsync, CancellationToken cancellationToken)
   at System.Net.Http.HttpClient.<SendAsync>g__Core|83_0(HttpRequestMessage request, HttpCompletionOption completionOption, CancellationTokenSource cts, Boolean disposeCts, CancellationTokenSource pendingRequestsCts, CancellationToken originalCancellationToken)
   at HotChocolate.Transport.Http.DefaultGraphQLHttpClient.ExecuteInternalAsync(GraphQLHttpRequest request, Uri requestUri, CancellationToken ct)
   at StrawberryShake.Transport.Http.ResponseEnumerable.GetAsyncEnumerator(CancellationToken cancellationToken)+MoveNext()
   at StrawberryShake.Transport.Http.ResponseEnumerable.GetAsyncEnumerator(CancellationToken cancellationToken)+System.Threading.Tasks.Sources.IValueTaskSource<System.Boolean>.GetResult()
   at StrawberryShake.OperationExecutor`2.ExecuteAsync(OperationRequest request, CancellationToken cancellationToken)
   at System.Runtime.ExceptionServices.ExceptionDispatchInfo.Throw()

[8/17/2026 2:59:25 PM] HttpRequestException: No connection could be made because the target machine actively refused it. (localhost:7212)
   at System.Net.Http.HttpConnectionPool.ConnectToTcpHostAsync(String host, Int32 port, HttpRequestMessage initialRequest, Boolean async, CancellationToken cancellationToken)
   at System.Net.Http.HttpConnectionPool.ConnectAsync(HttpRequestMessage request, Boolean async, CancellationToken cancellationToken)
   at System.Net.Http.HttpConnectionPool.CreateHttp11ConnectionAsync(HttpRequestMessage request, Boolean async, CancellationToken cancellationToken)
   at System.Net.Http.HttpConnectionPool.InjectNewHttp11ConnectionAsync(QueueItem queueItem)
   at System.Threading.Tasks.TaskCompletionSourceWithCancellation`1.WaitWithCancellationAsync(CancellationToken cancellationToken)
   at System.Net.Http.HttpConnectionPool.SendWithVersionDetectionAndRetryAsync(HttpRequestMessage request, Boolean async, Boolean doRequestAuth, CancellationToken cancellationToken)
   at System.Net.Http.RedirectHandler.SendAsync(HttpRequestMessage request, Boolean async, CancellationToken cancellationToken)
   at Microsoft.Extensions.Http.Logging.LoggingHttpMessageHandler.<SendCoreAsync>g__Core|4_0(HttpRequestMessage request, Boolean useAsync, CancellationToken cancellationToken)
   at BuildSmart.SharedUI.Handlers.AuthHeaderHandler.SendAsync(HttpRequestMessage request, CancellationToken cancellationToken) in C:\Users\bonch\source\repos\BuildSmart\BuildSmart.SharedUI\Handlers\AuthHeaderHandler.cs:line 116
   at BuildSmart.SharedUI.Handlers.LoggingHandler.SendAsync(HttpRequestMessage request, CancellationToken cancellationToken) in C:\Users\bonch\source\repos\BuildSmart\BuildSmart.SharedUI\Handlers\LoggingHandler.cs:line 21
   at Microsoft.Extensions.Http.Logging.LoggingScopeHttpMessageHandler.<SendCoreAsync>g__Core|4_0(HttpRequestMessage request, Boolean useAsync, CancellationToken cancellationToken)
   at System.Net.Http.HttpClient.<SendAsync>g__Core|83_0(HttpRequestMessage request, HttpCompletionOption completionOption, CancellationTokenSource cts, Boolean disposeCts, CancellationTokenSource pendingRequestsCts, CancellationToken originalCancellationToken)
   at HotChocolate.Transport.Http.DefaultGraphQLHttpClient.ExecuteInternalAsync(GraphQLHttpRequest request, Uri requestUri, CancellationToken ct)
   at StrawberryShake.Transport.Http.ResponseEnumerable.GetAsyncEnumerator(CancellationToken cancellationToken)+MoveNext()
   at StrawberryShake.Transport.Http.ResponseEnumerable.GetAsyncEnumerator(CancellationToken cancellationToken)+System.Threading.Tasks.Sources.IValueTaskSource<System.Boolean>.GetResult()
   at StrawberryShake.OperationExecutor`2.ExecuteAsync(OperationRequest request, CancellationToken cancellationToken)
   at StrawberryShake.OperationExecutor`2.ExecuteAsync(OperationRequest request, CancellationToken cancellationToken)
   at System.Runtime.ExceptionServices.ExceptionDispatchInfo.Throw()

[8/17/2026 2:59:25 PM] HttpRequestException: No connection could be made because the target machine actively refused it. (localhost:7212)
   at System.Net.Http.HttpConnectionPool.ConnectToTcpHostAsync(String host, Int32 port, HttpRequestMessage initialRequest, Boolean async, CancellationToken cancellationToken)
   at System.Net.Http.HttpConnectionPool.ConnectAsync(HttpRequestMessage request, Boolean async, CancellationToken cancellationToken)
   at System.Net.Http.HttpConnectionPool.CreateHttp11ConnectionAsync(HttpRequestMessage request, Boolean async, CancellationToken cancellationToken)
   at System.Net.Http.HttpConnectionPool.InjectNewHttp11ConnectionAsync(QueueItem queueItem)
   at System.Threading.Tasks.TaskCompletionSourceWithCancellation`1.WaitWithCancellationAsync(CancellationToken cancellationToken)
   at System.Net.Http.HttpConnectionPool.SendWithVersionDetectionAndRetryAsync(HttpRequestMessage request, Boolean async, Boolean doRequestAuth, CancellationToken cancellationToken)
   at System.Net.Http.RedirectHandler.SendAsync(HttpRequestMessage request, Boolean async, CancellationToken cancellationToken)
   at Microsoft.Extensions.Http.Logging.LoggingHttpMessageHandler.<SendCoreAsync>g__Core|4_0(HttpRequestMessage request, Boolean useAsync, CancellationToken cancellationToken)
   at BuildSmart.SharedUI.Handlers.AuthHeaderHandler.SendAsync(HttpRequestMessage request, CancellationToken cancellationToken) in C:\Users\bonch\source\repos\BuildSmart\BuildSmart.SharedUI\Handlers\AuthHeaderHandler.cs:line 116
   at BuildSmart.SharedUI.Handlers.LoggingHandler.SendAsync(HttpRequestMessage request, CancellationToken cancellationToken) in C:\Users\bonch\source\repos\BuildSmart\BuildSmart.SharedUI\Handlers\LoggingHandler.cs:line 21
   at Microsoft.Extensions.Http.Logging.LoggingScopeHttpMessageHandler.<SendCoreAsync>g__Core|4_0(HttpRequestMessage request, Boolean useAsync, CancellationToken cancellationToken)
   at System.Net.Http.HttpClient.<SendAsync>g__Core|83_0(HttpRequestMessage request, HttpCompletionOption completionOption, CancellationTokenSource cts, Boolean disposeCts, CancellationTokenSource pendingRequestsCts, CancellationToken originalCancellationToken)
   at HotChocolate.Transport.Http.DefaultGraphQLHttpClient.ExecuteInternalAsync(GraphQLHttpRequest request, Uri requestUri, CancellationToken ct)
   at StrawberryShake.Transport.Http.ResponseEnumerable.GetAsyncEnumerator(CancellationToken cancellationToken)+MoveNext()
   at StrawberryShake.Transport.Http.ResponseEnumerable.GetAsyncEnumerator(CancellationToken cancellationToken)+System.Threading.Tasks.Sources.IValueTaskSource<System.Boolean>.GetResult()
   at StrawberryShake.OperationExecutor`2.ExecuteAsync(OperationRequest request, CancellationToken cancellationToken)
   at StrawberryShake.OperationExecutor`2.ExecuteAsync(OperationRequest request, CancellationToken cancellationToken)
   at BuildSmart.SharedUI.GraphQL.GetLocalizationStringsQuery.ExecuteAsync(String culture, CancellationToken cancellationToken) in C:\Users\bonch\source\repos\BuildSmart\BuildSmart.SharedUI\obj\Debug\net9.0\berry\BuildSmartApiClient.Client.cs:line 78691
   at System.Runtime.ExceptionServices.ExceptionDispatchInfo.Throw()

[17.08.2026 г. 14:59:52 ч.] PostgresException: 42P01: relation "CalculatorLeads" does not exist

POSITION: 444
   at Npgsql.Internal.NpgsqlConnector.ReadMessageLong(Boolean async, DataRowLoadingMode dataRowLoadingMode, Boolean readingNotifications, Boolean isReadingPrependedMessage)
   at System.Runtime.CompilerServices.PoolingAsyncValueTaskMethodBuilder`1.StateMachineBox`1.System.Threading.Tasks.Sources.IValueTaskSource<TResult>.GetResult(Int16 token)
   at Npgsql.NpgsqlDataReader.NextResult(Boolean async, Boolean isConsuming, CancellationToken cancellationToken)
   at Npgsql.NpgsqlDataReader.NextResult(Boolean async, Boolean isConsuming, CancellationToken cancellationToken)
   at Npgsql.NpgsqlCommand.ExecuteReader(Boolean async, CommandBehavior behavior, CancellationToken cancellationToken)
   at Npgsql.NpgsqlCommand.ExecuteReader(Boolean async, CommandBehavior behavior, CancellationToken cancellationToken)
   at Npgsql.NpgsqlCommand.ExecuteDbDataReaderAsync(CommandBehavior behavior, CancellationToken cancellationToken)
   at Microsoft.EntityFrameworkCore.Storage.RelationalCommand.ExecuteReaderAsync(RelationalCommandParameterObject parameterObject, CancellationToken cancellationToken)
   at Microsoft.EntityFrameworkCore.Storage.RelationalCommand.ExecuteReaderAsync(RelationalCommandParameterObject parameterObject, CancellationToken cancellationToken)
   at Microsoft.EntityFrameworkCore.Query.Internal.SingleQueryingEnumerable`1.AsyncEnumerator.InitializeReaderAsync(AsyncEnumerator enumerator, CancellationToken cancellationToken)
   at Npgsql.EntityFrameworkCore.PostgreSQL.Storage.Internal.NpgsqlExecutionStrategy.ExecuteAsync[TState,TResult](TState state, Func`4 operation, Func`4 verifySucceeded, CancellationToken cancellationToken)
   at Microsoft.EntityFrameworkCore.Query.Internal.SingleQueryingEnumerable`1.AsyncEnumerator.MoveNextAsync()
   at Microsoft.EntityFrameworkCore.EntityFrameworkQueryableExtensions.ToListAsync[TSource](IQueryable`1 source, CancellationToken cancellationToken)
   at Microsoft.EntityFrameworkCore.EntityFrameworkQueryableExtensions.ToListAsync[TSource](IQueryable`1 source, CancellationToken cancellationToken)
   at BuildSmart.Infrastructure.Persistence.Repositories.CalculatorLeadRepository.GetLeadsAsync() in C:\Users\bonch\source\repos\BuildSmart\BuildSmart.Infrastructure\Persistence\Repositories\CalculatorLeadRepository.cs:line 38
   at System.Runtime.ExceptionServices.ExceptionDispatchInfo.Throw()

[17.08.2026 г. 14:59:52 ч.] PostgresException: 42P01: relation "CalculatorLeads" does not exist

POSITION: 444
   at Npgsql.Internal.NpgsqlConnector.ReadMessageLong(Boolean async, DataRowLoadingMode dataRowLoadingMode, Boolean readingNotifications, Boolean isReadingPrependedMessage)
   at System.Runtime.CompilerServices.PoolingAsyncValueTaskMethodBuilder`1.StateMachineBox`1.System.Threading.Tasks.Sources.IValueTaskSource<TResult>.GetResult(Int16 token)
   at Npgsql.NpgsqlDataReader.NextResult(Boolean async, Boolean isConsuming, CancellationToken cancellationToken)
   at Npgsql.NpgsqlDataReader.NextResult(Boolean async, Boolean isConsuming, CancellationToken cancellationToken)
   at Npgsql.NpgsqlCommand.ExecuteReader(Boolean async, CommandBehavior behavior, CancellationToken cancellationToken)
   at Npgsql.NpgsqlCommand.ExecuteReader(Boolean async, CommandBehavior behavior, CancellationToken cancellationToken)
   at Npgsql.NpgsqlCommand.ExecuteDbDataReaderAsync(CommandBehavior behavior, CancellationToken cancellationToken)
   at Microsoft.EntityFrameworkCore.Storage.RelationalCommand.ExecuteReaderAsync(RelationalCommandParameterObject parameterObject, CancellationToken cancellationToken)
   at Microsoft.EntityFrameworkCore.Storage.RelationalCommand.ExecuteReaderAsync(RelationalCommandParameterObject parameterObject, CancellationToken cancellationToken)
   at Microsoft.EntityFrameworkCore.Query.Internal.SingleQueryingEnumerable`1.AsyncEnumerator.InitializeReaderAsync(AsyncEnumerator enumerator, CancellationToken cancellationToken)
   at Npgsql.EntityFrameworkCore.PostgreSQL.Storage.Internal.NpgsqlExecutionStrategy.ExecuteAsync[TState,TResult](TState state, Func`4 operation, Func`4 verifySucceeded, CancellationToken cancellationToken)
   at Microsoft.EntityFrameworkCore.Query.Internal.SingleQueryingEnumerable`1.AsyncEnumerator.MoveNextAsync()
   at Microsoft.EntityFrameworkCore.EntityFrameworkQueryableExtensions.ToListAsync[TSource](IQueryable`1 source, CancellationToken cancellationToken)
   at Microsoft.EntityFrameworkCore.EntityFrameworkQueryableExtensions.ToListAsync[TSource](IQueryable`1 source, CancellationToken cancellationToken)
   at BuildSmart.Infrastructure.Persistence.Repositories.CalculatorLeadRepository.GetLeadsAsync() in C:\Users\bonch\source\repos\BuildSmart\BuildSmart.Infrastructure\Persistence\Repositories\CalculatorLeadRepository.cs:line 38
   at BuildSmart.Infrastructure.Persistence.Repositories.CalculatorLeadRepository.GetLeadsAsync() in C:\Users\bonch\source\repos\BuildSmart\BuildSmart.Infrastructure\Persistence\Repositories\CalculatorLeadRepository.cs:line 38
   at System.Runtime.ExceptionServices.ExceptionDispatchInfo.Throw()

[17.08.2026 г. 15:00:11 ч.] PostgresException: 42P01: relation "CalculatorLeads" does not exist

POSITION: 444
   at Npgsql.Internal.NpgsqlConnector.ReadMessageLong(Boolean async, DataRowLoadingMode dataRowLoadingMode, Boolean readingNotifications, Boolean isReadingPrependedMessage)
   at System.Runtime.CompilerServices.PoolingAsyncValueTaskMethodBuilder`1.StateMachineBox`1.System.Threading.Tasks.Sources.IValueTaskSource<TResult>.GetResult(Int16 token)
   at Npgsql.NpgsqlDataReader.NextResult(Boolean async, Boolean isConsuming, CancellationToken cancellationToken)
   at Npgsql.NpgsqlDataReader.NextResult(Boolean async, Boolean isConsuming, CancellationToken cancellationToken)
   at Npgsql.NpgsqlCommand.ExecuteReader(Boolean async, CommandBehavior behavior, CancellationToken cancellationToken)
   at Npgsql.NpgsqlCommand.ExecuteReader(Boolean async, CommandBehavior behavior, CancellationToken cancellationToken)
   at Npgsql.NpgsqlCommand.ExecuteDbDataReaderAsync(CommandBehavior behavior, CancellationToken cancellationToken)
   at Microsoft.EntityFrameworkCore.Storage.RelationalCommand.ExecuteReaderAsync(RelationalCommandParameterObject parameterObject, CancellationToken cancellationToken)
   at Microsoft.EntityFrameworkCore.Storage.RelationalCommand.ExecuteReaderAsync(RelationalCommandParameterObject parameterObject, CancellationToken cancellationToken)
   at Microsoft.EntityFrameworkCore.Query.Internal.SingleQueryingEnumerable`1.AsyncEnumerator.InitializeReaderAsync(AsyncEnumerator enumerator, CancellationToken cancellationToken)
   at Npgsql.EntityFrameworkCore.PostgreSQL.Storage.Internal.NpgsqlExecutionStrategy.ExecuteAsync[TState,TResult](TState state, Func`4 operation, Func`4 verifySucceeded, CancellationToken cancellationToken)
   at Microsoft.EntityFrameworkCore.Query.Internal.SingleQueryingEnumerable`1.AsyncEnumerator.MoveNextAsync()
   at Microsoft.EntityFrameworkCore.EntityFrameworkQueryableExtensions.ToListAsync[TSource](IQueryable`1 source, CancellationToken cancellationToken)
   at Microsoft.EntityFrameworkCore.EntityFrameworkQueryableExtensions.ToListAsync[TSource](IQueryable`1 source, CancellationToken cancellationToken)
   at BuildSmart.Infrastructure.Persistence.Repositories.CalculatorLeadRepository.GetLeadsAsync() in C:\Users\bonch\source\repos\BuildSmart\BuildSmart.Infrastructure\Persistence\Repositories\CalculatorLeadRepository.cs:line 38
   at System.Runtime.ExceptionServices.ExceptionDispatchInfo.Throw()

[17.08.2026 г. 15:00:11 ч.] PostgresException: 42P01: relation "CalculatorLeads" does not exist

POSITION: 444
   at Npgsql.Internal.NpgsqlConnector.ReadMessageLong(Boolean async, DataRowLoadingMode dataRowLoadingMode, Boolean readingNotifications, Boolean isReadingPrependedMessage)
   at System.Runtime.CompilerServices.PoolingAsyncValueTaskMethodBuilder`1.StateMachineBox`1.System.Threading.Tasks.Sources.IValueTaskSource<TResult>.GetResult(Int16 token)
   at Npgsql.NpgsqlDataReader.NextResult(Boolean async, Boolean isConsuming, CancellationToken cancellationToken)
   at Npgsql.NpgsqlDataReader.NextResult(Boolean async, Boolean isConsuming, CancellationToken cancellationToken)
   at Npgsql.NpgsqlCommand.ExecuteReader(Boolean async, CommandBehavior behavior, CancellationToken cancellationToken)
   at Npgsql.NpgsqlCommand.ExecuteReader(Boolean async, CommandBehavior behavior, CancellationToken cancellationToken)
   at Npgsql.NpgsqlCommand.ExecuteDbDataReaderAsync(CommandBehavior behavior, CancellationToken cancellationToken)
   at Microsoft.EntityFrameworkCore.Storage.RelationalCommand.ExecuteReaderAsync(RelationalCommandParameterObject parameterObject, CancellationToken cancellationToken)
   at Microsoft.EntityFrameworkCore.Storage.RelationalCommand.ExecuteReaderAsync(RelationalCommandParameterObject parameterObject, CancellationToken cancellationToken)
   at Microsoft.EntityFrameworkCore.Query.Internal.SingleQueryingEnumerable`1.AsyncEnumerator.InitializeReaderAsync(AsyncEnumerator enumerator, CancellationToken cancellationToken)
   at Npgsql.EntityFrameworkCore.PostgreSQL.Storage.Internal.NpgsqlExecutionStrategy.ExecuteAsync[TState,TResult](TState state, Func`4 operation, Func`4 verifySucceeded, CancellationToken cancellationToken)
   at Microsoft.EntityFrameworkCore.Query.Internal.SingleQueryingEnumerable`1.AsyncEnumerator.MoveNextAsync()
   at Microsoft.EntityFrameworkCore.EntityFrameworkQueryableExtensions.ToListAsync[TSource](IQueryable`1 source, CancellationToken cancellationToken)
   at Microsoft.EntityFrameworkCore.EntityFrameworkQueryableExtensions.ToListAsync[TSource](IQueryable`1 source, CancellationToken cancellationToken)
   at BuildSmart.Infrastructure.Persistence.Repositories.CalculatorLeadRepository.GetLeadsAsync() in C:\Users\bonch\source\repos\BuildSmart\BuildSmart.Infrastructure\Persistence\Repositories\CalculatorLeadRepository.cs:line 38
   at BuildSmart.Infrastructure.Persistence.Repositories.CalculatorLeadRepository.GetLeadsAsync() in C:\Users\bonch\source\repos\BuildSmart\BuildSmart.Infrastructure\Persistence\Repositories\CalculatorLeadRepository.cs:line 38
   at System.Runtime.ExceptionServices.ExceptionDispatchInfo.Throw()

[17.08.2026 г. 15:00:11 ч.] PostgresException: 42P01: relation "CalculatorLeads" does not exist

POSITION: 444
   at Npgsql.Internal.NpgsqlConnector.ReadMessageLong(Boolean async, DataRowLoadingMode dataRowLoadingMode, Boolean readingNotifications, Boolean isReadingPrependedMessage)
   at System.Runtime.CompilerServices.PoolingAsyncValueTaskMethodBuilder`1.StateMachineBox`1.System.Threading.Tasks.Sources.IValueTaskSource<TResult>.GetResult(Int16 token)
   at Npgsql.NpgsqlDataReader.NextResult(Boolean async, Boolean isConsuming, CancellationToken cancellationToken)
   at Npgsql.NpgsqlDataReader.NextResult(Boolean async, Boolean isConsuming, CancellationToken cancellationToken)
   at Npgsql.NpgsqlCommand.ExecuteReader(Boolean async, CommandBehavior behavior, CancellationToken cancellationToken)
   at Npgsql.NpgsqlCommand.ExecuteReader(Boolean async, CommandBehavior behavior, CancellationToken cancellationToken)
   at Npgsql.NpgsqlCommand.ExecuteDbDataReaderAsync(CommandBehavior behavior, CancellationToken cancellationToken)
   at Microsoft.EntityFrameworkCore.Storage.RelationalCommand.ExecuteReaderAsync(RelationalCommandParameterObject parameterObject, CancellationToken cancellationToken)
   at Microsoft.EntityFrameworkCore.Storage.RelationalCommand.ExecuteReaderAsync(RelationalCommandParameterObject parameterObject, CancellationToken cancellationToken)
   at Microsoft.EntityFrameworkCore.Query.Internal.SingleQueryingEnumerable`1.AsyncEnumerator.InitializeReaderAsync(AsyncEnumerator enumerator, CancellationToken cancellationToken)
   at Npgsql.EntityFrameworkCore.PostgreSQL.Storage.Internal.NpgsqlExecutionStrategy.ExecuteAsync[TState,TResult](TState state, Func`4 operation, Func`4 verifySucceeded, CancellationToken cancellationToken)
   at Microsoft.EntityFrameworkCore.Query.Internal.SingleQueryingEnumerable`1.AsyncEnumerator.MoveNextAsync()
   at Microsoft.EntityFrameworkCore.EntityFrameworkQueryableExtensions.ToListAsync[TSource](IQueryable`1 source, CancellationToken cancellationToken)
   at Microsoft.EntityFrameworkCore.EntityFrameworkQueryableExtensions.ToListAsync[TSource](IQueryable`1 source, CancellationToken cancellationToken)
   at BuildSmart.Infrastructure.Persistence.Repositories.CalculatorLeadRepository.GetLeadsAsync() in C:\Users\bonch\source\repos\BuildSmart\BuildSmart.Infrastructure\Persistence\Repositories\CalculatorLeadRepository.cs:line 38
   at System.Runtime.ExceptionServices.ExceptionDispatchInfo.Throw()

[17.08.2026 г. 15:00:11 ч.] PostgresException: 42P01: relation "CalculatorLeads" does not exist

POSITION: 444
   at Npgsql.Internal.NpgsqlConnector.ReadMessageLong(Boolean async, DataRowLoadingMode dataRowLoadingMode, Boolean readingNotifications, Boolean isReadingPrependedMessage)
   at System.Runtime.CompilerServices.PoolingAsyncValueTaskMethodBuilder`1.StateMachineBox`1.System.Threading.Tasks.Sources.IValueTaskSource<TResult>.GetResult(Int16 token)
   at Npgsql.NpgsqlDataReader.NextResult(Boolean async, Boolean isConsuming, CancellationToken cancellationToken)
   at Npgsql.NpgsqlDataReader.NextResult(Boolean async, Boolean isConsuming, CancellationToken cancellationToken)
   at Npgsql.NpgsqlCommand.ExecuteReader(Boolean async, CommandBehavior behavior, CancellationToken cancellationToken)
   at Npgsql.NpgsqlCommand.ExecuteReader(Boolean async, CommandBehavior behavior, CancellationToken cancellationToken)
   at Npgsql.NpgsqlCommand.ExecuteDbDataReaderAsync(CommandBehavior behavior, CancellationToken cancellationToken)
   at Microsoft.EntityFrameworkCore.Storage.RelationalCommand.ExecuteReaderAsync(RelationalCommandParameterObject parameterObject, CancellationToken cancellationToken)
   at Microsoft.EntityFrameworkCore.Storage.RelationalCommand.ExecuteReaderAsync(RelationalCommandParameterObject parameterObject, CancellationToken cancellationToken)
   at Microsoft.EntityFrameworkCore.Query.Internal.SingleQueryingEnumerable`1.AsyncEnumerator.InitializeReaderAsync(AsyncEnumerator enumerator, CancellationToken cancellationToken)
   at Npgsql.EntityFrameworkCore.PostgreSQL.Storage.Internal.NpgsqlExecutionStrategy.ExecuteAsync[TState,TResult](TState state, Func`4 operation, Func`4 verifySucceeded, CancellationToken cancellationToken)
   at Microsoft.EntityFrameworkCore.Query.Internal.SingleQueryingEnumerable`1.AsyncEnumerator.MoveNextAsync()
   at Microsoft.EntityFrameworkCore.EntityFrameworkQueryableExtensions.ToListAsync[TSource](IQueryable`1 source, CancellationToken cancellationToken)
   at Microsoft.EntityFrameworkCore.EntityFrameworkQueryableExtensions.ToListAsync[TSource](IQueryable`1 source, CancellationToken cancellationToken)
   at BuildSmart.Infrastructure.Persistence.Repositories.CalculatorLeadRepository.GetLeadsAsync() in C:\Users\bonch\source\repos\BuildSmart\BuildSmart.Infrastructure\Persistence\Repositories\CalculatorLeadRepository.cs:line 38
   at BuildSmart.Infrastructure.Persistence.Repositories.CalculatorLeadRepository.GetLeadsAsync() in C:\Users\bonch\source\repos\BuildSmart\BuildSmart.Infrastructure\Persistence\Repositories\CalculatorLeadRepository.cs:line 38
   at System.Runtime.ExceptionServices.ExceptionDispatchInfo.Throw()

