{"data":{"login":"eyJhbGciOiJIUzI1NiIsInR5cCI6IkpXVCJ9.eyJuYW1laWQiOiJkZjc4MGIyNi0wYWUwLTQ1ZWItOGEyNy1mMzM1NGZmMDE0NGIiLCJlbWFpbCI6InRlc3RAZXhhbXBsZS5jb20iLCJyb2xlIjoiSG9tZW93bmVyIiwibmJmIjoxNzYyMTEyOTY5LCJleHAiOjE3NjIxMTQ3NjksImlhdCI6MTc2MjExMjk2OSwiaXNzIjoidGVzdC1pc3N1ZXIiLCJhdWQiOiJ0ZXN0LWF1ZGllbmNlIn0.GLA6VHSRUPTzD6pb9NHwz2WegmguU6pmWkkNxhFtIjE"}}
